// Jest Snapshot v1, https://goo.gl/fbAQLP

exports[`<Button /> should render the medium size by default 1`] = `
.c0 {
  cursor: pointer;
  white-space: nowrap;
  -webkit-transition: all 0.3s;
  transition: all 0.3s;
  border-radius: 0.8rem;
  color: #ffffff;
  background-color: #2E50D4;
  font-weight: 700;
  border: 0.2rem solid #0000;
  height: 4rem;
  min-width: 7.5rem;
  font-size: 1.4rem;
  line-height: 1.8rem;
  padding: 0 1.2rem;
}

.c0:disabled {
  cursor: not-allowed;
  color: #DAD2D0;
  background-color: #F4F2F1;
}

<button
  class="c0"
  color="white"
>
  Click me!
</button>
`;
